// Jest Snapshot v1, https://goo.gl/fbAQLP

exports[`CTextInput Component renders correctly with default props 1`] = `[Function]`;
